
R version 3.4.0 (2017-04-21) -- "You Stupid Darkness"
Copyright (C) 2017 The R Foundation for Statistical Computing
Platform: x86_64-w64-mingw32/x64 (64-bit)

R is free software and comes with ABSOLUTELY NO WARRANTY.
You are welcome to redistribute it under certain conditions.
Type 'license()' or 'licence()' for distribution details.

  Natural language support but running in an English locale

R is a collaborative project with many contributors.
Type 'contributors()' for more information and
'citation()' on how to cite R or R packages in publications.

Type 'demo()' for some demos, 'help()' for on-line help, or
'help.start()' for an HTML browser interface to help.
Type 'q()' to quit R.

> dane <- read.csv("m2x.csv", row.names=1, sep=",", dec=".", encoding="UTF-8")
Error in file(file, "rt") : cannot open the connection
In addition: Warning message:
In file(file, "rt") : cannot open file 'm2x.csv': No such file or directory
> dane <- read.csv("m2x.csv", row.names=1, sep=",", dec=".", encoding="UTF-8")
> dane
      kraj data poziom tor szcz   m05    m10    m15    m20  razem
can-h  can  825      h   1   h1 96.37  99.82 100.18 102.55 398.92
srb-h  srb  825      h   2   h1 93.32  98.02  98.40  97.11 386.85
rus-h  rus  825      h   3   h1 93.61 100.86 105.81 109.14 409.42
cro-h  cro  825      h   4   h1 90.11  95.96  98.21  97.01 381.29
bul-h  bul  825      h   5   h1 95.41  98.94  98.13  94.04 386.52
isr-h  isr  825      h   6   h1 96.41  96.69  99.57 102.74 395.41
ned-h  ned  825      h   1   h2 94.73  99.33 100.93  99.26 394.25
gbr-h  gbr  825      h   2   h2 94.02  95.90  95.68  93.72 379.32
hun-h  hun  825      h   3   h2 92.54  99.94 104.73 104.29 401.50
ger-h  ger  825      h   4   h2 92.12  96.49  96.60  94.07 379.28
esp-h  esp  825      h   5   h2 96.05 100.83 103.03  99.10 399.01
den-h  den  825      h   6   h2 94.70  96.55  99.41  99.51 390.17
nor-h  nor  825      h   1   h3 93.14  98.35 100.81  96.76 389.06
lat-h  lat  825      h   2   h3 99.10 105.57 105.11 105.07 414.85
aus-h  aus  825      h   3   h3 93.71  96.36  96.70 101.13 387.90
est-h  est  825      h   4   h3 93.85  98.85 100.90 103.22 396.82
usa-h  usa  825      h   5   h3 94.26  96.84  99.82  98.92 389.84
ita-h  ita  825      h   6   h3 91.00  96.41  96.77  97.04 381.22
chn-h  chn  825      h   1   h4 96.36  99.45  98.91  99.68 394.40
arg-h  arg  825      h   2   h4 94.47  98.79 103.00 104.70 400.96
ltu-h  ltu  825      h   3   h4 92.51  96.08  96.92  98.45 383.96
aut-h  aut  825      h   4   h4 93.94  99.41 103.80 105.28 402.43
nzl-h  nzl  825      h   5   h4 93.74  95.10  95.33  96.60 380.77
ned-r  ned  827      r   1   r1 94.81  99.28 101.77 104.08 399.94
ltu-r  ltu  827      r   2   r1 94.24  97.29  97.19 100.12 388.84
nor-r  nor  827      r   3   r1 93.29  97.67  99.54 103.28 393.78
can-r  can  827      r   4   r1 96.26 100.49 101.29 104.79 402.83
aut-r  aut  827      r   1   r2 93.84 100.54 105.08 102.07 401.53
den-r  den  827      r   2   r2 93.34  96.54 100.99 103.50 394.37
aus-r  aus  827      r   3   r2 92.24  97.14 100.12 101.99 391.49
isr-r  isr  827      r   4   r2 93.71  97.43 105.41 105.76 402.31
lat-r  lat  827      r   5   r2 93.17 104.57 111.64 110.48 419.86
hun-r  hun  827      r   1   r3 96.13 102.08 105.90 106.44 410.55
arg-r  arg  827      r   2   r3 98.74 103.07 107.11 107.79 416.71
gbr-r  gbr  827      r   3   r3 94.37  98.50  99.97 101.54 394.38
srb-r  srb  827      r   4   r3 94.54  98.77 101.50 102.00 396.81
est-r  est  827      r   5   r3 95.66 100.14 102.13 102.56 400.49
esp-r  esp  827      r   1   r4 98.97 100.96 101.69  97.59 399.21
chn-r  chn  827      r   2   r4 94.92 102.15 103.17  98.90 399.14
bul-r  bul  827      r   3   r4 94.10 100.35 102.33  99.94 396.72
usa-r  usa  827      r   4   r4 96.56 101.58 107.18 112.36 417.68
rus-r  rus  827      r   5   r4 94.48 101.21 105.82 113.37 414.88
hun-s  hun  829      s   1 scd1 91.02  96.11  98.99  94.17 380.29
ned-s  ned  829      s   2 scd1 90.76  95.75  96.21  94.42 377.14
esp-s  esp  829      s   3 scd1 93.59  97.42  95.07  94.06 380.14
isr-s  isr  829      s   4 scd1 92.00  95.24  95.90  94.68 377.82
usa-s  usa  829      s   5 scd1 92.81  96.55  97.34  94.59 381.29
arg-s  arg  829      s   1 scd2 92.41  94.29  96.53  95.12 378.35
can-s  can  829      s   2 scd2 93.20  95.69  96.73  94.30 379.92
aut-s  aut  829      s   3 scd2 93.08  95.10  96.89 117.35 402.42
est-s  est  829      s   4 scd2 93.18  95.99  95.73  92.56 377.46
rus-s  rus  829      s   5 scd2 93.71  95.54  97.60  97.08 383.93
lat-s  lat  829      s   6 scd2 95.17 100.23 104.67 104.14 404.21
ger-s  ger  829      s   1 sab1 88.36  91.16  94.03  94.24 367.79
cro-s  cro  829      s   2 sab1 88.08  90.89  91.09  89.66 359.72
gbr-s  gbr  829      s   3 sab1 90.96  93.77  94.22  93.76 372.71
bul-s  bul  829      s   4 sab1 91.08  93.92  94.27  90.12 369.39
den-s  den  829      s   5 sab1 91.35  93.76  96.61 100.46 382.18
nor-s  nor  829      s   6 sab1 91.28  93.90  94.25  92.81 372.24
nzl-s  nzl  829      s   1 sab2 91.52  91.16  91.21  89.66 363.55
ita-s  ita  829      s   2 sab2 89.26  91.54  91.59  89.91 362.30
ltu-s  ltu  829      s   3 sab2 89.95  91.18  91.01  89.70 361.84
aus-s  aus  829      s   4 sab2 90.10  91.37  92.21  88.84 362.52
chn-s  chn  829      s   5 sab2 90.77  93.95  94.44  98.51 377.67
srb-s  srb  829      s   6 sab2 90.95  94.21  94.91  95.75 375.82
lat-f  lat  830      f   1   fd 93.45 100.77 104.61 100.87 399.70
aut-f  aut  830      f   2   fd 94.01  97.52  97.35  94.86 383.74
hun-f  hun  830      f   3   fd 92.20  96.48 100.55  97.22 386.45
rus-f  rus  830      f   4   fd 93.65  98.09  99.71  95.09 386.54
usa-f  usa  830      f   5   fd 93.64  95.64  98.68  97.60 385.56
can-f  can  830      f   1   fc 92.52  94.73  95.44  94.16 376.85
isr-f  isr  830      f   2   fc 92.75  94.26  95.57  92.57 375.15
ned-f  ned  830      f   3   fc 92.33  95.59  95.47  92.34 375.73
est-f  est  830      f   4   fc 94.09  97.04  95.56  94.09 380.78
arg-f  arg  830      f   5   fc 93.87  95.26  96.36 100.34 385.83
esp-f  esp  830      f   6   fc 94.93  96.89  98.79 100.33 390.94
chn-f  chn  831      f   1   fb 90.74  94.17  96.25  95.73 376.89
gbr-f  gbr  831      f   2   fb 90.41  92.69  93.20  94.11 370.41
nzl-f  nzl  831      f   3   fb 91.08  92.70  93.56  95.69 373.03
nor-f  nor  831      f   4   fb 90.00  94.46  96.55  94.30 375.31
srb-f  srb  831      f   5   fb 90.63  93.55  95.04  94.14 373.36
den-f  den  831      f   6   fb 91.36  94.11  97.03  96.07 378.57
aus-f  aus  831      f   1   fa 89.85  92.33  93.51  88.74 364.43
ger-f  ger  831      f   2   fa 88.70  93.52  93.40  89.40 365.02
ltu-f  ltu  831      f   3   fa 89.97  93.04  92.36  89.19 364.56
cro-f  cro  831      f   4   fa 86.83  91.09  91.55  91.05 360.52
ita-f  ita  831      f   5   fa 89.25  92.40  91.74  91.03 364.42
bul-f  bul  831      f   6   fa 90.71  94.06  92.79  94.75 372.31
> names(dane)
 [1] "kraj"   "data"   "poziom" "tor"    "szcz"   "m05"    "m10"    "m15"   
 [9] "m20"    "razem" 
> names(dane)
 [1] "kraj"   "data"   "poziom" "tor"    "szcz"   "m05"    "m10"    "m15"    "m20"    "razem" 
> str(dane)
'data.frame':   88 obs. of  10 variables:
 $ kraj  : Factor w/ 23 levels "arg","aus","aut",..: 5 22 21 7 4 14 18 11 13 12 ...
 $ data  : int  825 825 825 825 825 825 825 825 825 825 ...
 $ poziom: Factor w/ 4 levels "f","h","r","s": 2 2 2 2 2 2 2 2 2 2 ...
 $ tor   : int  1 2 3 4 5 6 1 2 3 4 ...
 $ szcz  : Factor w/ 16 levels "fa","fb","fc",..: 5 5 5 5 5 5 6 6 6 6 ...
 $ m05   : num  96.4 93.3 93.6 90.1 95.4 ...
 $ m10   : num  99.8 98 100.9 96 98.9 ...
 $ m15   : num  100.2 98.4 105.8 98.2 98.1 ...
 $ m20   : num  102.5 97.1 109.1 97 94 ...
 $ razem : num  399 387 409 381 387 ...
> res.m2x <- lm(razem ~ data, data=dane)
> res.m2x

Call:
lm(formula = razem ~ data, data = dane)

Coefficients:
(Intercept)         data  
   3671.622       -3.968  

> anova(res.m2x)
Analysis of Variance Table

Response: razem
          Df Sum Sq Mean Sq F value    Pr(>F)    
data       1   6306  6306.0  43.927 2.845e-09 ***
Residuals 86  12346   143.6                      
---
Signif. codes:  0 ‘***’ 0.001 ‘**’ 0.01 ‘*’ 0.05 ‘.’ 0.1 ‘ ’ 1
> anova(res.m1x)
Error in anova(res.m1x) : object 'res.m1x' not found
> dane$data <- as.factor(dane$data)
> str(dane)
'data.frame':   88 obs. of  10 variables:
 $ kraj  : Factor w/ 23 levels "arg","aus","aut",..: 5 22 21 7 4 14 18 11 13 12 ...
 $ data  : Factor w/ 5 levels "825","827","829",..: 1 1 1 1 1 1 1 1 1 1 ...
 $ poziom: Factor w/ 4 levels "f","h","r","s": 2 2 2 2 2 2 2 2 2 2 ...
 $ tor   : int  1 2 3 4 5 6 1 2 3 4 ...
 $ szcz  : Factor w/ 16 levels "fa","fb","fc",..: 5 5 5 5 5 5 6 6 6 6 ...
 $ m05   : num  96.4 93.3 93.6 90.1 95.4 ...
 $ m10   : num  99.8 98 100.9 96 98.9 ...
 $ m15   : num  100.2 98.4 105.8 98.2 98.1 ...
 $ m20   : num  102.5 97.1 109.1 97 94 ...
 $ razem : num  399 387 409 381 387 ...
> res.m2x <- lm(razem ~ data, data=dane)
> anova(res.m2x)
Analysis of Variance Table

Response: razem
          Df  Sum Sq Mean Sq F value    Pr(>F)    
data       4 11291.4 2822.84  31.831 4.558e-16 ***
Residuals 83  7360.5   88.68                      
---
Signif. codes:  0 ‘***’ 0.001 ‘**’ 0.01 ‘*’ 0.05 ‘.’ 0.1 ‘ ’ 1
> anova1 <- aov(razem ~ data, data=dane)
> anova1
Call:
   aov(formula = razem ~ data, data = dane)

Terms:
                     data Residuals
Sum of Squares  11291.364  7360.519
Deg. of Freedom         4        83

Residual standard error: 9.417056
Estimated effects may be unbalanced
> summary(anova1)
            Df Sum Sq Mean Sq F value   Pr(>F)    
data         4  11291  2822.8   31.83 4.56e-16 ***
Residuals   83   7361    88.7                     
---
Signif. codes:  0 ‘***’ 0.001 ‘**’ 0.01 ‘*’ 0.05 ‘.’ 0.1 ‘ ’ 1
> anova2 <- aov(razem ~ poziom, data=dane)
> anova2
Call:
   aov(formula = razem ~ poziom, data = dane)

Terms:
                   poziom Residuals
Sum of Squares  10102.162  8549.721
Deg. of Freedom         3        84

Residual standard error: 10.08873
Estimated effects may be unbalanced
> summary(anova2)
            Df Sum Sq Mean Sq F value   Pr(>F)    
poziom       3  10102    3367   33.08 3.24e-14 ***
Residuals   84   8550     102                     
---
Signif. codes:  0 ‘***’ 0.001 ‘**’ 0.01 ‘*’ 0.05 ‘.’ 0.1 ‘ ’ 1
> dane
      kraj data poziom tor szcz   m05    m10    m15    m20  razem
can-h  can  825      h   1   h1 96.37  99.82 100.18 102.55 398.92
srb-h  srb  825      h   2   h1 93.32  98.02  98.40  97.11 386.85
rus-h  rus  825      h   3   h1 93.61 100.86 105.81 109.14 409.42
cro-h  cro  825      h   4   h1 90.11  95.96  98.21  97.01 381.29
bul-h  bul  825      h   5   h1 95.41  98.94  98.13  94.04 386.52
isr-h  isr  825      h   6   h1 96.41  96.69  99.57 102.74 395.41
ned-h  ned  825      h   1   h2 94.73  99.33 100.93  99.26 394.25
gbr-h  gbr  825      h   2   h2 94.02  95.90  95.68  93.72 379.32
hun-h  hun  825      h   3   h2 92.54  99.94 104.73 104.29 401.50
ger-h  ger  825      h   4   h2 92.12  96.49  96.60  94.07 379.28
esp-h  esp  825      h   5   h2 96.05 100.83 103.03  99.10 399.01
den-h  den  825      h   6   h2 94.70  96.55  99.41  99.51 390.17
nor-h  nor  825      h   1   h3 93.14  98.35 100.81  96.76 389.06
lat-h  lat  825      h   2   h3 99.10 105.57 105.11 105.07 414.85
aus-h  aus  825      h   3   h3 93.71  96.36  96.70 101.13 387.90
est-h  est  825      h   4   h3 93.85  98.85 100.90 103.22 396.82
usa-h  usa  825      h   5   h3 94.26  96.84  99.82  98.92 389.84
ita-h  ita  825      h   6   h3 91.00  96.41  96.77  97.04 381.22
chn-h  chn  825      h   1   h4 96.36  99.45  98.91  99.68 394.40
arg-h  arg  825      h   2   h4 94.47  98.79 103.00 104.70 400.96
ltu-h  ltu  825      h   3   h4 92.51  96.08  96.92  98.45 383.96
aut-h  aut  825      h   4   h4 93.94  99.41 103.80 105.28 402.43
nzl-h  nzl  825      h   5   h4 93.74  95.10  95.33  96.60 380.77
ned-r  ned  827      r   1   r1 94.81  99.28 101.77 104.08 399.94
ltu-r  ltu  827      r   2   r1 94.24  97.29  97.19 100.12 388.84
nor-r  nor  827      r   3   r1 93.29  97.67  99.54 103.28 393.78
can-r  can  827      r   4   r1 96.26 100.49 101.29 104.79 402.83
aut-r  aut  827      r   1   r2 93.84 100.54 105.08 102.07 401.53
den-r  den  827      r   2   r2 93.34  96.54 100.99 103.50 394.37
aus-r  aus  827      r   3   r2 92.24  97.14 100.12 101.99 391.49
isr-r  isr  827      r   4   r2 93.71  97.43 105.41 105.76 402.31
lat-r  lat  827      r   5   r2 93.17 104.57 111.64 110.48 419.86
hun-r  hun  827      r   1   r3 96.13 102.08 105.90 106.44 410.55
arg-r  arg  827      r   2   r3 98.74 103.07 107.11 107.79 416.71
gbr-r  gbr  827      r   3   r3 94.37  98.50  99.97 101.54 394.38
srb-r  srb  827      r   4   r3 94.54  98.77 101.50 102.00 396.81
est-r  est  827      r   5   r3 95.66 100.14 102.13 102.56 400.49
esp-r  esp  827      r   1   r4 98.97 100.96 101.69  97.59 399.21
chn-r  chn  827      r   2   r4 94.92 102.15 103.17  98.90 399.14
bul-r  bul  827      r   3   r4 94.10 100.35 102.33  99.94 396.72
usa-r  usa  827      r   4   r4 96.56 101.58 107.18 112.36 417.68
rus-r  rus  827      r   5   r4 94.48 101.21 105.82 113.37 414.88
hun-s  hun  829      s   1 scd1 91.02  96.11  98.99  94.17 380.29
ned-s  ned  829      s   2 scd1 90.76  95.75  96.21  94.42 377.14
esp-s  esp  829      s   3 scd1 93.59  97.42  95.07  94.06 380.14
isr-s  isr  829      s   4 scd1 92.00  95.24  95.90  94.68 377.82
usa-s  usa  829      s   5 scd1 92.81  96.55  97.34  94.59 381.29
arg-s  arg  829      s   1 scd2 92.41  94.29  96.53  95.12 378.35
can-s  can  829      s   2 scd2 93.20  95.69  96.73  94.30 379.92
aut-s  aut  829      s   3 scd2 93.08  95.10  96.89 117.35 402.42
est-s  est  829      s   4 scd2 93.18  95.99  95.73  92.56 377.46
rus-s  rus  829      s   5 scd2 93.71  95.54  97.60  97.08 383.93
lat-s  lat  829      s   6 scd2 95.17 100.23 104.67 104.14 404.21
ger-s  ger  829      s   1 sab1 88.36  91.16  94.03  94.24 367.79
cro-s  cro  829      s   2 sab1 88.08  90.89  91.09  89.66 359.72
gbr-s  gbr  829      s   3 sab1 90.96  93.77  94.22  93.76 372.71
bul-s  bul  829      s   4 sab1 91.08  93.92  94.27  90.12 369.39
den-s  den  829      s   5 sab1 91.35  93.76  96.61 100.46 382.18
nor-s  nor  829      s   6 sab1 91.28  93.90  94.25  92.81 372.24
nzl-s  nzl  829      s   1 sab2 91.52  91.16  91.21  89.66 363.55
ita-s  ita  829      s   2 sab2 89.26  91.54  91.59  89.91 362.30
ltu-s  ltu  829      s   3 sab2 89.95  91.18  91.01  89.70 361.84
aus-s  aus  829      s   4 sab2 90.10  91.37  92.21  88.84 362.52
chn-s  chn  829      s   5 sab2 90.77  93.95  94.44  98.51 377.67
srb-s  srb  829      s   6 sab2 90.95  94.21  94.91  95.75 375.82
lat-f  lat  830      f   1   fd 93.45 100.77 104.61 100.87 399.70
aut-f  aut  830      f   2   fd 94.01  97.52  97.35  94.86 383.74
hun-f  hun  830      f   3   fd 92.20  96.48 100.55  97.22 386.45
rus-f  rus  830      f   4   fd 93.65  98.09  99.71  95.09 386.54
usa-f  usa  830      f   5   fd 93.64  95.64  98.68  97.60 385.56
can-f  can  830      f   1   fc 92.52  94.73  95.44  94.16 376.85
isr-f  isr  830      f   2   fc 92.75  94.26  95.57  92.57 375.15
ned-f  ned  830      f   3   fc 92.33  95.59  95.47  92.34 375.73
est-f  est  830      f   4   fc 94.09  97.04  95.56  94.09 380.78
arg-f  arg  830      f   5   fc 93.87  95.26  96.36 100.34 385.83
esp-f  esp  830      f   6   fc 94.93  96.89  98.79 100.33 390.94
chn-f  chn  831      f   1   fb 90.74  94.17  96.25  95.73 376.89
gbr-f  gbr  831      f   2   fb 90.41  92.69  93.20  94.11 370.41
nzl-f  nzl  831      f   3   fb 91.08  92.70  93.56  95.69 373.03
nor-f  nor  831      f   4   fb 90.00  94.46  96.55  94.30 375.31
srb-f  srb  831      f   5   fb 90.63  93.55  95.04  94.14 373.36
den-f  den  831      f   6   fb 91.36  94.11  97.03  96.07 378.57
aus-f  aus  831      f   1   fa 89.85  92.33  93.51  88.74 364.43
ger-f  ger  831      f   2   fa 88.70  93.52  93.40  89.40 365.02
ltu-f  ltu  831      f   3   fa 89.97  93.04  92.36  89.19 364.56
cro-f  cro  831      f   4   fa 86.83  91.09  91.55  91.05 360.52
ita-f  ita  831      f   5   fa 89.25  92.40  91.74  91.03 364.42
bul-f  bul  831      f   6   fa 90.71  94.06  92.79  94.75 372.31
> res.m2x <- lm(razem ~ poziom, data=dane)
> anova(res.m2x)
Analysis of Variance Table

Response: razem
          Df  Sum Sq Mean Sq F value    Pr(>F)    
poziom     3 10102.2  3367.4  33.084 3.241e-14 ***
Residuals 84  8549.7   101.8                      
---
Signif. codes:  0 ‘***’ 0.001 ‘**’ 0.01 ‘*’ 0.05 ‘.’ 0.1 ‘ ’ 1
> res.m2x <- lm(razem ~ data, data=dane)
> anova(res.m2x)
Analysis of Variance Table

Response: razem
          Df  Sum Sq Mean Sq F value    Pr(>F)    
data       4 11291.4 2822.84  31.831 4.558e-16 ***
Residuals 83  7360.5   88.68                      
---
Signif. codes:  0 ‘***’ 0.001 ‘**’ 0.01 ‘*’ 0.05 ‘.’ 0.1 ‘ ’ 1
> summary(res.m2x)

Call:
lm(formula = razem ~ data, data = dane)

Residuals:
     Min       1Q   Median       3Q      Max 
-16.3974  -6.0576  -0.0863   4.6424  28.0926 

Coefficients:
            Estimate Std. Error t value Pr(>|t|)    
(Intercept)  392.354      1.964 199.815  < 2e-16 ***
data827        9.831      2.919   3.367  0.00115 ** 
data829      -16.237      2.777  -5.847 9.55e-08 ***
data830       -8.057      3.452  -2.334  0.02202 *  
data831      -22.452      3.353  -6.695 2.38e-09 ***
---
Signif. codes:  0 ‘***’ 0.001 ‘**’ 0.01 ‘*’ 0.05 ‘.’ 0.1 ‘ ’ 1

Residual standard error: 9.417 on 83 degrees of freedom
Multiple R-squared:  0.6054,    Adjusted R-squared:  0.5864 
F-statistic: 31.83 on 4 and 83 DF,  p-value: 4.558e-16

> res.m2x <- lm(razem ~ poziom, data=dane)
> summary(res.m2x)

Call:
lm(formula = razem ~ poziom, data = dane)

Residuals:
     Min       1Q   Median       3Q      Max 
-16.3974  -6.9969  -0.8561   6.1884  28.0926 

Coefficients:
            Estimate Std. Error t value Pr(>|t|)    
(Intercept) 376.7870     2.1036 179.111  < 2e-16 ***
poziomh      15.5674     2.9750   5.233 1.21e-06 ***
poziomr      25.3983     3.1277   8.121 3.48e-12 ***
pozioms      -0.6696     2.9750  -0.225    0.822    
---
Signif. codes:  0 ‘***’ 0.001 ‘**’ 0.01 ‘*’ 0.05 ‘.’ 0.1 ‘ ’ 1

Residual standard error: 10.09 on 84 degrees of freedom
Multiple R-squared:  0.5416,    Adjusted R-squared:  0.5252 
F-statistic: 33.08 on 3 and 84 DF,  p-value: 3.241e-14

> dane2 <- c(dane$m05, dane$m10, dane$m15, dane$m20)
> dane 2
Error: unexpected numeric constant in "dane 2"
> dane2
  [1]  96.37  93.32  93.61  90.11  95.41  96.41  94.73  94.02  92.54  92.12  96.05  94.70  93.14
 [14]  99.10  93.71  93.85  94.26  91.00  96.36  94.47  92.51  93.94  93.74  94.81  94.24  93.29
 [27]  96.26  93.84  93.34  92.24  93.71  93.17  96.13  98.74  94.37  94.54  95.66  98.97  94.92
 [40]  94.10  96.56  94.48  91.02  90.76  93.59  92.00  92.81  92.41  93.20  93.08  93.18  93.71
 [53]  95.17  88.36  88.08  90.96  91.08  91.35  91.28  91.52  89.26  89.95  90.10  90.77  90.95
 [66]  93.45  94.01  92.20  93.65  93.64  92.52  92.75  92.33  94.09  93.87  94.93  90.74  90.41
 [79]  91.08  90.00  90.63  91.36  89.85  88.70  89.97  86.83  89.25  90.71  99.82  98.02 100.86
 [92]  95.96  98.94  96.69  99.33  95.90  99.94  96.49 100.83  96.55  98.35 105.57  96.36  98.85
[105]  96.84  96.41  99.45  98.79  96.08  99.41  95.10  99.28  97.29  97.67 100.49 100.54  96.54
[118]  97.14  97.43 104.57 102.08 103.07  98.50  98.77 100.14 100.96 102.15 100.35 101.58 101.21
[131]  96.11  95.75  97.42  95.24  96.55  94.29  95.69  95.10  95.99  95.54 100.23  91.16  90.89
[144]  93.77  93.92  93.76  93.90  91.16  91.54  91.18  91.37  93.95  94.21 100.77  97.52  96.48
[157]  98.09  95.64  94.73  94.26  95.59  97.04  95.26  96.89  94.17  92.69  92.70  94.46  93.55
[170]  94.11  92.33  93.52  93.04  91.09  92.40  94.06 100.18  98.40 105.81  98.21  98.13  99.57
[183] 100.93  95.68 104.73  96.60 103.03  99.41 100.81 105.11  96.70 100.90  99.82  96.77  98.91
[196] 103.00  96.92 103.80  95.33 101.77  97.19  99.54 101.29 105.08 100.99 100.12 105.41 111.64
[209] 105.90 107.11  99.97 101.50 102.13 101.69 103.17 102.33 107.18 105.82  98.99  96.21  95.07
[222]  95.90  97.34  96.53  96.73  96.89  95.73  97.60 104.67  94.03  91.09  94.22  94.27  96.61
[235]  94.25  91.21  91.59  91.01  92.21  94.44  94.91 104.61  97.35 100.55  99.71  98.68  95.44
[248]  95.57  95.47  95.56  96.36  98.79  96.25  93.20  93.56  96.55  95.04  97.03  93.51  93.40
[261]  92.36  91.55  91.74  92.79 102.55  97.11 109.14  97.01  94.04 102.74  99.26  93.72 104.29
[274]  94.07  99.10  99.51  96.76 105.07 101.13 103.22  98.92  97.04  99.68 104.70  98.45 105.28
[287]  96.60 104.08 100.12 103.28 104.79 102.07 103.50 101.99 105.76 110.48 106.44 107.79 101.54
[300] 102.00 102.56  97.59  98.90  99.94 112.36 113.37  94.17  94.42  94.06  94.68  94.59  95.12
[313]  94.30 117.35  92.56  97.08 104.14  94.24  89.66  93.76  90.12 100.46  92.81  89.66  89.91
[326]  89.70  88.84  98.51  95.75 100.87  94.86  97.22  95.09  97.60  94.16  92.57  92.34  94.09
[339] 100.34 100.33  95.73  94.11  95.69  94.30  94.14  96.07  88.74  89.40  89.19  91.05  91.03
[352]  94.75
> n <-nrow(dane)
> n
[1] 88
> odcinek <- c(rep("m05",n),rep("m10",n),rep("m15",n),rep("m20",n))
> odcinek
  [1] "m05" "m05" "m05" "m05" "m05" "m05" "m05" "m05" "m05" "m05" "m05" "m05" "m05" "m05" "m05"
 [16] "m05" "m05" "m05" "m05" "m05" "m05" "m05" "m05" "m05" "m05" "m05" "m05" "m05" "m05" "m05"
 [31] "m05" "m05" "m05" "m05" "m05" "m05" "m05" "m05" "m05" "m05" "m05" "m05" "m05" "m05" "m05"
 [46] "m05" "m05" "m05" "m05" "m05" "m05" "m05" "m05" "m05" "m05" "m05" "m05" "m05" "m05" "m05"
 [61] "m05" "m05" "m05" "m05" "m05" "m05" "m05" "m05" "m05" "m05" "m05" "m05" "m05" "m05" "m05"
 [76] "m05" "m05" "m05" "m05" "m05" "m05" "m05" "m05" "m05" "m05" "m05" "m05" "m05" "m10" "m10"
 [91] "m10" "m10" "m10" "m10" "m10" "m10" "m10" "m10" "m10" "m10" "m10" "m10" "m10" "m10" "m10"
[106] "m10" "m10" "m10" "m10" "m10" "m10" "m10" "m10" "m10" "m10" "m10" "m10" "m10" "m10" "m10"
[121] "m10" "m10" "m10" "m10" "m10" "m10" "m10" "m10" "m10" "m10" "m10" "m10" "m10" "m10" "m10"
[136] "m10" "m10" "m10" "m10" "m10" "m10" "m10" "m10" "m10" "m10" "m10" "m10" "m10" "m10" "m10"
[151] "m10" "m10" "m10" "m10" "m10" "m10" "m10" "m10" "m10" "m10" "m10" "m10" "m10" "m10" "m10"
[166] "m10" "m10" "m10" "m10" "m10" "m10" "m10" "m10" "m10" "m10" "m10" "m15" "m15" "m15" "m15"
[181] "m15" "m15" "m15" "m15" "m15" "m15" "m15" "m15" "m15" "m15" "m15" "m15" "m15" "m15" "m15"
[196] "m15" "m15" "m15" "m15" "m15" "m15" "m15" "m15" "m15" "m15" "m15" "m15" "m15" "m15" "m15"
[211] "m15" "m15" "m15" "m15" "m15" "m15" "m15" "m15" "m15" "m15" "m15" "m15" "m15" "m15" "m15"
[226] "m15" "m15" "m15" "m15" "m15" "m15" "m15" "m15" "m15" "m15" "m15" "m15" "m15" "m15" "m15"
[241] "m15" "m15" "m15" "m15" "m15" "m15" "m15" "m15" "m15" "m15" "m15" "m15" "m15" "m15" "m15"
[256] "m15" "m15" "m15" "m15" "m15" "m15" "m15" "m15" "m15" "m20" "m20" "m20" "m20" "m20" "m20"
[271] "m20" "m20" "m20" "m20" "m20" "m20" "m20" "m20" "m20" "m20" "m20" "m20" "m20" "m20" "m20"
[286] "m20" "m20" "m20" "m20" "m20" "m20" "m20" "m20" "m20" "m20" "m20" "m20" "m20" "m20" "m20"
[301] "m20" "m20" "m20" "m20" "m20" "m20" "m20" "m20" "m20" "m20" "m20" "m20" "m20" "m20" "m20"
[316] "m20" "m20" "m20" "m20" "m20" "m20" "m20" "m20" "m20" "m20" "m20" "m20" "m20" "m20" "m20"
[331] "m20" "m20" "m20" "m20" "m20" "m20" "m20" "m20" "m20" "m20" "m20" "m20" "m20" "m20" "m20"
[346] "m20" "m20" "m20" "m20" "m20" "m20" "m20"
> odcinki <- data.frame(dane2, odcinek)
> odcinki
     dane2 odcinek
1    96.37     m05
2    93.32     m05
3    93.61     m05
4    90.11     m05
5    95.41     m05
6    96.41     m05
7    94.73     m05
8    94.02     m05
9    92.54     m05
10   92.12     m05
11   96.05     m05
12   94.70     m05
13   93.14     m05
14   99.10     m05
15   93.71     m05
16   93.85     m05
17   94.26     m05
18   91.00     m05
19   96.36     m05
20   94.47     m05
21   92.51     m05
22   93.94     m05
23   93.74     m05
24   94.81     m05
25   94.24     m05
26   93.29     m05
27   96.26     m05
28   93.84     m05
29   93.34     m05
30   92.24     m05
31   93.71     m05
32   93.17     m05
33   96.13     m05
34   98.74     m05
35   94.37     m05
36   94.54     m05
37   95.66     m05
38   98.97     m05
39   94.92     m05
40   94.10     m05
41   96.56     m05
42   94.48     m05
43   91.02     m05
44   90.76     m05
45   93.59     m05
46   92.00     m05
47   92.81     m05
48   92.41     m05
49   93.20     m05
50   93.08     m05
51   93.18     m05
52   93.71     m05
53   95.17     m05
54   88.36     m05
55   88.08     m05
56   90.96     m05
57   91.08     m05
58   91.35     m05
59   91.28     m05
60   91.52     m05
61   89.26     m05
62   89.95     m05
63   90.10     m05
64   90.77     m05
65   90.95     m05
66   93.45     m05
67   94.01     m05
68   92.20     m05
69   93.65     m05
70   93.64     m05
71   92.52     m05
72   92.75     m05
73   92.33     m05
74   94.09     m05
75   93.87     m05
76   94.93     m05
77   90.74     m05
78   90.41     m05
79   91.08     m05
80   90.00     m05
81   90.63     m05
82   91.36     m05
83   89.85     m05
84   88.70     m05
85   89.97     m05
86   86.83     m05
87   89.25     m05
88   90.71     m05
89   99.82     m10
90   98.02     m10
91  100.86     m10
92   95.96     m10
93   98.94     m10
94   96.69     m10
95   99.33     m10
96   95.90     m10
97   99.94     m10
98   96.49     m10
99  100.83     m10
100  96.55     m10
101  98.35     m10
102 105.57     m10
103  96.36     m10
104  98.85     m10
105  96.84     m10
106  96.41     m10
107  99.45     m10
108  98.79     m10
109  96.08     m10
110  99.41     m10
111  95.10     m10
112  99.28     m10
113  97.29     m10
114  97.67     m10
115 100.49     m10
116 100.54     m10
117  96.54     m10
118  97.14     m10
119  97.43     m10
120 104.57     m10
121 102.08     m10
122 103.07     m10
123  98.50     m10
124  98.77     m10
125 100.14     m10
126 100.96     m10
127 102.15     m10
128 100.35     m10
129 101.58     m10
130 101.21     m10
131  96.11     m10
132  95.75     m10
133  97.42     m10
134  95.24     m10
135  96.55     m10
136  94.29     m10
137  95.69     m10
138  95.10     m10
139  95.99     m10
140  95.54     m10
141 100.23     m10
142  91.16     m10
143  90.89     m10
144  93.77     m10
145  93.92     m10
146  93.76     m10
147  93.90     m10
148  91.16     m10
149  91.54     m10
150  91.18     m10
151  91.37     m10
152  93.95     m10
153  94.21     m10
154 100.77     m10
155  97.52     m10
156  96.48     m10
157  98.09     m10
158  95.64     m10
159  94.73     m10
160  94.26     m10
161  95.59     m10
162  97.04     m10
163  95.26     m10
164  96.89     m10
165  94.17     m10
166  92.69     m10
167  92.70     m10
168  94.46     m10
169  93.55     m10
170  94.11     m10
171  92.33     m10
172  93.52     m10
173  93.04     m10
174  91.09     m10
175  92.40     m10
176  94.06     m10
177 100.18     m15
178  98.40     m15
179 105.81     m15
180  98.21     m15
181  98.13     m15
182  99.57     m15
183 100.93     m15
184  95.68     m15
185 104.73     m15
186  96.60     m15
187 103.03     m15
188  99.41     m15
189 100.81     m15
190 105.11     m15
191  96.70     m15
192 100.90     m15
193  99.82     m15
194  96.77     m15
195  98.91     m15
196 103.00     m15
197  96.92     m15
198 103.80     m15
199  95.33     m15
200 101.77     m15
201  97.19     m15
202  99.54     m15
203 101.29     m15
204 105.08     m15
205 100.99     m15
206 100.12     m15
207 105.41     m15
208 111.64     m15
209 105.90     m15
210 107.11     m15
211  99.97     m15
212 101.50     m15
213 102.13     m15
214 101.69     m15
215 103.17     m15
216 102.33     m15
217 107.18     m15
218 105.82     m15
219  98.99     m15
220  96.21     m15
221  95.07     m15
222  95.90     m15
223  97.34     m15
224  96.53     m15
225  96.73     m15
226  96.89     m15
227  95.73     m15
228  97.60     m15
229 104.67     m15
230  94.03     m15
231  91.09     m15
232  94.22     m15
233  94.27     m15
234  96.61     m15
235  94.25     m15
236  91.21     m15
237  91.59     m15
238  91.01     m15
239  92.21     m15
240  94.44     m15
241  94.91     m15
242 104.61     m15
243  97.35     m15
244 100.55     m15
245  99.71     m15
246  98.68     m15
247  95.44     m15
248  95.57     m15
249  95.47     m15
250  95.56     m15
251  96.36     m15
252  98.79     m15
253  96.25     m15
254  93.20     m15
255  93.56     m15
256  96.55     m15
257  95.04     m15
258  97.03     m15
259  93.51     m15
260  93.40     m15
261  92.36     m15
262  91.55     m15
263  91.74     m15
264  92.79     m15
265 102.55     m20
266  97.11     m20
267 109.14     m20
268  97.01     m20
269  94.04     m20
270 102.74     m20
271  99.26     m20
272  93.72     m20
273 104.29     m20
274  94.07     m20
275  99.10     m20
276  99.51     m20
277  96.76     m20
278 105.07     m20
279 101.13     m20
280 103.22     m20
281  98.92     m20
282  97.04     m20
283  99.68     m20
284 104.70     m20
285  98.45     m20
286 105.28     m20
287  96.60     m20
288 104.08     m20
289 100.12     m20
290 103.28     m20
291 104.79     m20
292 102.07     m20
293 103.50     m20
294 101.99     m20
295 105.76     m20
296 110.48     m20
297 106.44     m20
298 107.79     m20
299 101.54     m20
300 102.00     m20
301 102.56     m20
302  97.59     m20
303  98.90     m20
304  99.94     m20
305 112.36     m20
306 113.37     m20
307  94.17     m20
308  94.42     m20
309  94.06     m20
310  94.68     m20
311  94.59     m20
312  95.12     m20
313  94.30     m20
314 117.35     m20
315  92.56     m20
316  97.08     m20
317 104.14     m20
318  94.24     m20
319  89.66     m20
320  93.76     m20
321  90.12     m20
322 100.46     m20
323  92.81     m20
324  89.66     m20
325  89.91     m20
326  89.70     m20
327  88.84     m20
328  98.51     m20
329  95.75     m20
330 100.87     m20
331  94.86     m20
332  97.22     m20
333  95.09     m20
334  97.60     m20
335  94.16     m20
336  92.57     m20
337  92.34     m20
338  94.09     m20
339 100.34     m20
340 100.33     m20
341  95.73     m20
342  94.11     m20
343  95.69     m20
344  94.30     m20
345  94.14     m20
346  96.07     m20
347  88.74     m20
348  89.40     m20
349  89.19     m20
350  91.05     m20
351  91.03     m20
352  94.75     m20
> oav3 <- aov(dane2 ~ odcinek, data=odcinki)
> oav3
Call:
   aov(formula = dane2 ~ odcinek, data = odcinki)

Terms:
                 odcinek Residuals
Sum of Squares  1649.277  6176.080
Deg. of Freedom        3       348

Residual standard error: 4.212761
Estimated effects may be unbalanced
> summary(oav3)
             Df Sum Sq Mean Sq F value Pr(>F)    
odcinek       3   1649   549.8   30.98 <2e-16 ***
Residuals   348   6176    17.7                   
---
Signif. codes:  0 ‘***’ 0.001 ‘**’ 0.01 ‘*’ 0.05 ‘.’ 0.1 ‘ ’ 1
> install.packages("tidyr")
Warning in install.packages("tidyr") :
  'lib = "C:/Program Files/R/R-3.4.0/library"' is not writable
--- Please select a CRAN mirror for use in this session ---
also installing the dependencies ‘rlang’, ‘assertthat’, ‘R6’, ‘DBI’, ‘BH’, ‘tibble’, ‘dplyr’, ‘stringi’, ‘lazyeval’, ‘magrittr’, ‘Rcpp’

trying URL 'https://ftp.cixug.es/CRAN/bin/windows/contrib/3.4/rlang_0.1.1.zip'
Content type 'application/zip' length 465073 bytes (454 KB)
downloaded 454 KB

trying URL 'https://ftp.cixug.es/CRAN/bin/windows/contrib/3.4/assertthat_0.2.0.zip'
Content type 'application/zip' length 43674 bytes (42 KB)
downloaded 42 KB

trying URL 'https://ftp.cixug.es/CRAN/bin/windows/contrib/3.4/R6_2.2.1.zip'
Content type 'application/zip' length 319390 bytes (311 KB)
downloaded 311 KB

trying URL 'https://ftp.cixug.es/CRAN/bin/windows/contrib/3.4/DBI_0.6-1.zip'
Content type 'application/zip' length 743940 bytes (726 KB)
downloaded 726 KB

trying URL 'https://ftp.cixug.es/CRAN/bin/windows/contrib/3.4/BH_1.62.0-1.zip'
Content type 'application/zip' length 16150325 bytes (15.4 MB)
downloaded 15.4 MB

trying URL 'https://ftp.cixug.es/CRAN/bin/windows/contrib/3.4/tibble_1.3.3.zip'
Content type 'application/zip' length 673778 bytes (657 KB)
downloaded 657 KB

trying URL 'https://ftp.cixug.es/CRAN/bin/windows/contrib/3.4/dplyr_0.5.0.zip'
Content type 'application/zip' length 2556287 bytes (2.4 MB)
downloaded 2.4 MB

trying URL 'https://ftp.cixug.es/CRAN/bin/windows/contrib/3.4/stringi_1.1.5.zip'
Content type 'application/zip' length 14289534 bytes (13.6 MB)
downloaded 13.6 MB

trying URL 'https://ftp.cixug.es/CRAN/bin/windows/contrib/3.4/lazyeval_0.2.0.zip'
Content type 'application/zip' length 139438 bytes (136 KB)
downloaded 136 KB

trying URL 'https://ftp.cixug.es/CRAN/bin/windows/contrib/3.4/magrittr_1.5.zip'
Content type 'application/zip' length 155890 bytes (152 KB)
downloaded 152 KB

trying URL 'https://ftp.cixug.es/CRAN/bin/windows/contrib/3.4/Rcpp_0.12.11.zip'
Content type 'application/zip' length 3380318 bytes (3.2 MB)
downloaded 3.2 MB

trying URL 'https://ftp.cixug.es/CRAN/bin/windows/contrib/3.4/tidyr_0.6.3.zip'
Content type 'application/zip' length 892142 bytes (871 KB)
downloaded 871 KB

package ‘rlang’ successfully unpacked and MD5 sums checked
package ‘assertthat’ successfully unpacked and MD5 sums checked
package ‘R6’ successfully unpacked and MD5 sums checked
package ‘DBI’ successfully unpacked and MD5 sums checked
package ‘BH’ successfully unpacked and MD5 sums checked
package ‘tibble’ successfully unpacked and MD5 sums checked
package ‘dplyr’ successfully unpacked and MD5 sums checked
package ‘stringi’ successfully unpacked and MD5 sums checked
package ‘lazyeval’ successfully unpacked and MD5 sums checked
package ‘magrittr’ successfully unpacked and MD5 sums checked
package ‘Rcpp’ successfully unpacked and MD5 sums checked
package ‘tidyr’ successfully unpacked and MD5 sums checked

The downloaded binary packages are in
        C:\Users\ITlaptop\AppData\Local\Temp\Rtmp6jA9ea\downloaded_packages
> 
> 
> library(tidyr)
> dane2 <- dane[,c("m05", "m10", "m15", "m20")]
> dane2
        m05    m10    m15    m20
can-h 96.37  99.82 100.18 102.55
srb-h 93.32  98.02  98.40  97.11
rus-h 93.61 100.86 105.81 109.14
cro-h 90.11  95.96  98.21  97.01
bul-h 95.41  98.94  98.13  94.04
isr-h 96.41  96.69  99.57 102.74
ned-h 94.73  99.33 100.93  99.26
gbr-h 94.02  95.90  95.68  93.72
hun-h 92.54  99.94 104.73 104.29
ger-h 92.12  96.49  96.60  94.07
esp-h 96.05 100.83 103.03  99.10
den-h 94.70  96.55  99.41  99.51
nor-h 93.14  98.35 100.81  96.76
lat-h 99.10 105.57 105.11 105.07
aus-h 93.71  96.36  96.70 101.13
est-h 93.85  98.85 100.90 103.22
usa-h 94.26  96.84  99.82  98.92
ita-h 91.00  96.41  96.77  97.04
chn-h 96.36  99.45  98.91  99.68
arg-h 94.47  98.79 103.00 104.70
ltu-h 92.51  96.08  96.92  98.45
aut-h 93.94  99.41 103.80 105.28
nzl-h 93.74  95.10  95.33  96.60
ned-r 94.81  99.28 101.77 104.08
ltu-r 94.24  97.29  97.19 100.12
nor-r 93.29  97.67  99.54 103.28
can-r 96.26 100.49 101.29 104.79
aut-r 93.84 100.54 105.08 102.07
den-r 93.34  96.54 100.99 103.50
aus-r 92.24  97.14 100.12 101.99
isr-r 93.71  97.43 105.41 105.76
lat-r 93.17 104.57 111.64 110.48
hun-r 96.13 102.08 105.90 106.44
arg-r 98.74 103.07 107.11 107.79
gbr-r 94.37  98.50  99.97 101.54
srb-r 94.54  98.77 101.50 102.00
est-r 95.66 100.14 102.13 102.56
esp-r 98.97 100.96 101.69  97.59
chn-r 94.92 102.15 103.17  98.90
bul-r 94.10 100.35 102.33  99.94
usa-r 96.56 101.58 107.18 112.36
rus-r 94.48 101.21 105.82 113.37
hun-s 91.02  96.11  98.99  94.17
ned-s 90.76  95.75  96.21  94.42
esp-s 93.59  97.42  95.07  94.06
isr-s 92.00  95.24  95.90  94.68
usa-s 92.81  96.55  97.34  94.59
arg-s 92.41  94.29  96.53  95.12
can-s 93.20  95.69  96.73  94.30
aut-s 93.08  95.10  96.89 117.35
est-s 93.18  95.99  95.73  92.56
rus-s 93.71  95.54  97.60  97.08
lat-s 95.17 100.23 104.67 104.14
ger-s 88.36  91.16  94.03  94.24
cro-s 88.08  90.89  91.09  89.66
gbr-s 90.96  93.77  94.22  93.76
bul-s 91.08  93.92  94.27  90.12
den-s 91.35  93.76  96.61 100.46
nor-s 91.28  93.90  94.25  92.81
nzl-s 91.52  91.16  91.21  89.66
ita-s 89.26  91.54  91.59  89.91
ltu-s 89.95  91.18  91.01  89.70
aus-s 90.10  91.37  92.21  88.84
chn-s 90.77  93.95  94.44  98.51
srb-s 90.95  94.21  94.91  95.75
lat-f 93.45 100.77 104.61 100.87
aut-f 94.01  97.52  97.35  94.86
hun-f 92.20  96.48 100.55  97.22
rus-f 93.65  98.09  99.71  95.09
usa-f 93.64  95.64  98.68  97.60
can-f 92.52  94.73  95.44  94.16
isr-f 92.75  94.26  95.57  92.57
ned-f 92.33  95.59  95.47  92.34
est-f 94.09  97.04  95.56  94.09
arg-f 93.87  95.26  96.36 100.34
esp-f 94.93  96.89  98.79 100.33
chn-f 90.74  94.17  96.25  95.73
gbr-f 90.41  92.69  93.20  94.11
nzl-f 91.08  92.70  93.56  95.69
nor-f 90.00  94.46  96.55  94.30
srb-f 90.63  93.55  95.04  94.14
den-f 91.36  94.11  97.03  96.07
aus-f 89.85  92.33  93.51  88.74
ger-f 88.70  93.52  93.40  89.40
ltu-f 89.97  93.04  92.36  89.19
cro-f 86.83  91.09  91.55  91.05
ita-f 89.25  92.40  91.74  91.03
bul-f 90.71  94.06  92.79  94.75
> dane
      kraj data poziom tor szcz   m05    m10    m15    m20  razem
can-h  can  825      h   1   h1 96.37  99.82 100.18 102.55 398.92
srb-h  srb  825      h   2   h1 93.32  98.02  98.40  97.11 386.85
rus-h  rus  825      h   3   h1 93.61 100.86 105.81 109.14 409.42
cro-h  cro  825      h   4   h1 90.11  95.96  98.21  97.01 381.29
bul-h  bul  825      h   5   h1 95.41  98.94  98.13  94.04 386.52
isr-h  isr  825      h   6   h1 96.41  96.69  99.57 102.74 395.41
ned-h  ned  825      h   1   h2 94.73  99.33 100.93  99.26 394.25
gbr-h  gbr  825      h   2   h2 94.02  95.90  95.68  93.72 379.32
hun-h  hun  825      h   3   h2 92.54  99.94 104.73 104.29 401.50
ger-h  ger  825      h   4   h2 92.12  96.49  96.60  94.07 379.28
esp-h  esp  825      h   5   h2 96.05 100.83 103.03  99.10 399.01
den-h  den  825      h   6   h2 94.70  96.55  99.41  99.51 390.17
nor-h  nor  825      h   1   h3 93.14  98.35 100.81  96.76 389.06
lat-h  lat  825      h   2   h3 99.10 105.57 105.11 105.07 414.85
aus-h  aus  825      h   3   h3 93.71  96.36  96.70 101.13 387.90
est-h  est  825      h   4   h3 93.85  98.85 100.90 103.22 396.82
usa-h  usa  825      h   5   h3 94.26  96.84  99.82  98.92 389.84
ita-h  ita  825      h   6   h3 91.00  96.41  96.77  97.04 381.22
chn-h  chn  825      h   1   h4 96.36  99.45  98.91  99.68 394.40
arg-h  arg  825      h   2   h4 94.47  98.79 103.00 104.70 400.96
ltu-h  ltu  825      h   3   h4 92.51  96.08  96.92  98.45 383.96
aut-h  aut  825      h   4   h4 93.94  99.41 103.80 105.28 402.43
nzl-h  nzl  825      h   5   h4 93.74  95.10  95.33  96.60 380.77
ned-r  ned  827      r   1   r1 94.81  99.28 101.77 104.08 399.94
ltu-r  ltu  827      r   2   r1 94.24  97.29  97.19 100.12 388.84
nor-r  nor  827      r   3   r1 93.29  97.67  99.54 103.28 393.78
can-r  can  827      r   4   r1 96.26 100.49 101.29 104.79 402.83
aut-r  aut  827      r   1   r2 93.84 100.54 105.08 102.07 401.53
den-r  den  827      r   2   r2 93.34  96.54 100.99 103.50 394.37
aus-r  aus  827      r   3   r2 92.24  97.14 100.12 101.99 391.49
isr-r  isr  827      r   4   r2 93.71  97.43 105.41 105.76 402.31
lat-r  lat  827      r   5   r2 93.17 104.57 111.64 110.48 419.86
hun-r  hun  827      r   1   r3 96.13 102.08 105.90 106.44 410.55
arg-r  arg  827      r   2   r3 98.74 103.07 107.11 107.79 416.71
gbr-r  gbr  827      r   3   r3 94.37  98.50  99.97 101.54 394.38
srb-r  srb  827      r   4   r3 94.54  98.77 101.50 102.00 396.81
est-r  est  827      r   5   r3 95.66 100.14 102.13 102.56 400.49
esp-r  esp  827      r   1   r4 98.97 100.96 101.69  97.59 399.21
chn-r  chn  827      r   2   r4 94.92 102.15 103.17  98.90 399.14
bul-r  bul  827      r   3   r4 94.10 100.35 102.33  99.94 396.72
usa-r  usa  827      r   4   r4 96.56 101.58 107.18 112.36 417.68
rus-r  rus  827      r   5   r4 94.48 101.21 105.82 113.37 414.88
hun-s  hun  829      s   1 scd1 91.02  96.11  98.99  94.17 380.29
ned-s  ned  829      s   2 scd1 90.76  95.75  96.21  94.42 377.14
esp-s  esp  829      s   3 scd1 93.59  97.42  95.07  94.06 380.14
isr-s  isr  829      s   4 scd1 92.00  95.24  95.90  94.68 377.82
usa-s  usa  829      s   5 scd1 92.81  96.55  97.34  94.59 381.29
arg-s  arg  829      s   1 scd2 92.41  94.29  96.53  95.12 378.35
can-s  can  829      s   2 scd2 93.20  95.69  96.73  94.30 379.92
aut-s  aut  829      s   3 scd2 93.08  95.10  96.89 117.35 402.42
est-s  est  829      s   4 scd2 93.18  95.99  95.73  92.56 377.46
rus-s  rus  829      s   5 scd2 93.71  95.54  97.60  97.08 383.93
lat-s  lat  829      s   6 scd2 95.17 100.23 104.67 104.14 404.21
ger-s  ger  829      s   1 sab1 88.36  91.16  94.03  94.24 367.79
cro-s  cro  829      s   2 sab1 88.08  90.89  91.09  89.66 359.72
gbr-s  gbr  829      s   3 sab1 90.96  93.77  94.22  93.76 372.71
bul-s  bul  829      s   4 sab1 91.08  93.92  94.27  90.12 369.39
den-s  den  829      s   5 sab1 91.35  93.76  96.61 100.46 382.18
nor-s  nor  829      s   6 sab1 91.28  93.90  94.25  92.81 372.24
nzl-s  nzl  829      s   1 sab2 91.52  91.16  91.21  89.66 363.55
ita-s  ita  829      s   2 sab2 89.26  91.54  91.59  89.91 362.30
ltu-s  ltu  829      s   3 sab2 89.95  91.18  91.01  89.70 361.84
aus-s  aus  829      s   4 sab2 90.10  91.37  92.21  88.84 362.52
chn-s  chn  829      s   5 sab2 90.77  93.95  94.44  98.51 377.67
srb-s  srb  829      s   6 sab2 90.95  94.21  94.91  95.75 375.82
lat-f  lat  830      f   1   fd 93.45 100.77 104.61 100.87 399.70
aut-f  aut  830      f   2   fd 94.01  97.52  97.35  94.86 383.74
hun-f  hun  830      f   3   fd 92.20  96.48 100.55  97.22 386.45
rus-f  rus  830      f   4   fd 93.65  98.09  99.71  95.09 386.54
usa-f  usa  830      f   5   fd 93.64  95.64  98.68  97.60 385.56
can-f  can  830      f   1   fc 92.52  94.73  95.44  94.16 376.85
isr-f  isr  830      f   2   fc 92.75  94.26  95.57  92.57 375.15
ned-f  ned  830      f   3   fc 92.33  95.59  95.47  92.34 375.73
est-f  est  830      f   4   fc 94.09  97.04  95.56  94.09 380.78
arg-f  arg  830      f   5   fc 93.87  95.26  96.36 100.34 385.83
esp-f  esp  830      f   6   fc 94.93  96.89  98.79 100.33 390.94
chn-f  chn  831      f   1   fb 90.74  94.17  96.25  95.73 376.89
gbr-f  gbr  831      f   2   fb 90.41  92.69  93.20  94.11 370.41
nzl-f  nzl  831      f   3   fb 91.08  92.70  93.56  95.69 373.03
nor-f  nor  831      f   4   fb 90.00  94.46  96.55  94.30 375.31
srb-f  srb  831      f   5   fb 90.63  93.55  95.04  94.14 373.36
den-f  den  831      f   6   fb 91.36  94.11  97.03  96.07 378.57
aus-f  aus  831      f   1   fa 89.85  92.33  93.51  88.74 364.43
ger-f  ger  831      f   2   fa 88.70  93.52  93.40  89.40 365.02
ltu-f  ltu  831      f   3   fa 89.97  93.04  92.36  89.19 364.56
cro-f  cro  831      f   4   fa 86.83  91.09  91.55  91.05 360.52
ita-f  ita  831      f   5   fa 89.25  92.40  91.74  91.03 364.42
bul-f  bul  831      f   6   fa 90.71  94.06  92.79  94.75 372.31
> dane.odcinki <- dane2 %>% gather(odcinek, czas, c(m05, m10, m15, m20))
> dane.odcinki
    odcinek   czas
1       m05  96.37
2       m05  93.32
3       m05  93.61
4       m05  90.11
5       m05  95.41
6       m05  96.41
7       m05  94.73
8       m05  94.02
9       m05  92.54
10      m05  92.12
11      m05  96.05
12      m05  94.70
13      m05  93.14
14      m05  99.10
15      m05  93.71
16      m05  93.85
17      m05  94.26
18      m05  91.00
19      m05  96.36
20      m05  94.47
21      m05  92.51
22      m05  93.94
23      m05  93.74
24      m05  94.81
25      m05  94.24
26      m05  93.29
27      m05  96.26
28      m05  93.84
29      m05  93.34
30      m05  92.24
31      m05  93.71
32      m05  93.17
33      m05  96.13
34      m05  98.74
35      m05  94.37
36      m05  94.54
37      m05  95.66
38      m05  98.97
39      m05  94.92
40      m05  94.10
41      m05  96.56
42      m05  94.48
43      m05  91.02
44      m05  90.76
45      m05  93.59
46      m05  92.00
47      m05  92.81
48      m05  92.41
49      m05  93.20
50      m05  93.08
51      m05  93.18
52      m05  93.71
53      m05  95.17
54      m05  88.36
55      m05  88.08
56      m05  90.96
57      m05  91.08
58      m05  91.35
59      m05  91.28
60      m05  91.52
61      m05  89.26
62      m05  89.95
63      m05  90.10
64      m05  90.77
65      m05  90.95
66      m05  93.45
67      m05  94.01
68      m05  92.20
69      m05  93.65
70      m05  93.64
71      m05  92.52
72      m05  92.75
73      m05  92.33
74      m05  94.09
75      m05  93.87
76      m05  94.93
77      m05  90.74
78      m05  90.41
79      m05  91.08
80      m05  90.00
81      m05  90.63
82      m05  91.36
83      m05  89.85
84      m05  88.70
85      m05  89.97
86      m05  86.83
87      m05  89.25
88      m05  90.71
89      m10  99.82
90      m10  98.02
91      m10 100.86
92      m10  95.96
93      m10  98.94
94      m10  96.69
95      m10  99.33
96      m10  95.90
97      m10  99.94
98      m10  96.49
99      m10 100.83
100     m10  96.55
101     m10  98.35
102     m10 105.57
103     m10  96.36
104     m10  98.85
105     m10  96.84
106     m10  96.41
107     m10  99.45
108     m10  98.79
109     m10  96.08
110     m10  99.41
111     m10  95.10
112     m10  99.28
113     m10  97.29
114     m10  97.67
115     m10 100.49
116     m10 100.54
117     m10  96.54
118     m10  97.14
119     m10  97.43
120     m10 104.57
121     m10 102.08
122     m10 103.07
123     m10  98.50
124     m10  98.77
125     m10 100.14
126     m10 100.96
127     m10 102.15
128     m10 100.35
129     m10 101.58
130     m10 101.21
131     m10  96.11
132     m10  95.75
133     m10  97.42
134     m10  95.24
135     m10  96.55
136     m10  94.29
137     m10  95.69
138     m10  95.10
139     m10  95.99
140     m10  95.54
141     m10 100.23
142     m10  91.16
143     m10  90.89
144     m10  93.77
145     m10  93.92
146     m10  93.76
147     m10  93.90
148     m10  91.16
149     m10  91.54
150     m10  91.18
151     m10  91.37
152     m10  93.95
153     m10  94.21
154     m10 100.77
155     m10  97.52
156     m10  96.48
157     m10  98.09
158     m10  95.64
159     m10  94.73
160     m10  94.26
161     m10  95.59
162     m10  97.04
163     m10  95.26
164     m10  96.89
165     m10  94.17
166     m10  92.69
167     m10  92.70
168     m10  94.46
169     m10  93.55
170     m10  94.11
171     m10  92.33
172     m10  93.52
173     m10  93.04
174     m10  91.09
175     m10  92.40
176     m10  94.06
177     m15 100.18
178     m15  98.40
179     m15 105.81
180     m15  98.21
181     m15  98.13
182     m15  99.57
183     m15 100.93
184     m15  95.68
185     m15 104.73
186     m15  96.60
187     m15 103.03
188     m15  99.41
189     m15 100.81
190     m15 105.11
191     m15  96.70
192     m15 100.90
193     m15  99.82
194     m15  96.77
195     m15  98.91
196     m15 103.00
197     m15  96.92
198     m15 103.80
199     m15  95.33
200     m15 101.77
201     m15  97.19
202     m15  99.54
203     m15 101.29
204     m15 105.08
205     m15 100.99
206     m15 100.12
207     m15 105.41
208     m15 111.64
209     m15 105.90
210     m15 107.11
211     m15  99.97
212     m15 101.50
213     m15 102.13
214     m15 101.69
215     m15 103.17
216     m15 102.33
217     m15 107.18
218     m15 105.82
219     m15  98.99
220     m15  96.21
221     m15  95.07
222     m15  95.90
223     m15  97.34
224     m15  96.53
225     m15  96.73
226     m15  96.89
227     m15  95.73
228     m15  97.60
229     m15 104.67
230     m15  94.03
231     m15  91.09
232     m15  94.22
233     m15  94.27
234     m15  96.61
235     m15  94.25
236     m15  91.21
237     m15  91.59
238     m15  91.01
239     m15  92.21
240     m15  94.44
241     m15  94.91
242     m15 104.61
243     m15  97.35
244     m15 100.55
245     m15  99.71
246     m15  98.68
247     m15  95.44
248     m15  95.57
249     m15  95.47
250     m15  95.56
251     m15  96.36
252     m15  98.79
253     m15  96.25
254     m15  93.20
255     m15  93.56
256     m15  96.55
257     m15  95.04
258     m15  97.03
259     m15  93.51
260     m15  93.40
261     m15  92.36
262     m15  91.55
263     m15  91.74
264     m15  92.79
265     m20 102.55
266     m20  97.11
267     m20 109.14
268     m20  97.01
269     m20  94.04
270     m20 102.74
271     m20  99.26
272     m20  93.72
273     m20 104.29
274     m20  94.07
275     m20  99.10
276     m20  99.51
277     m20  96.76
278     m20 105.07
279     m20 101.13
280     m20 103.22
281     m20  98.92
282     m20  97.04
283     m20  99.68
284     m20 104.70
285     m20  98.45
286     m20 105.28
287     m20  96.60
288     m20 104.08
289     m20 100.12
290     m20 103.28
291     m20 104.79
292     m20 102.07
293     m20 103.50
294     m20 101.99
295     m20 105.76
296     m20 110.48
297     m20 106.44
298     m20 107.79
299     m20 101.54
300     m20 102.00
301     m20 102.56
302     m20  97.59
303     m20  98.90
304     m20  99.94
305     m20 112.36
306     m20 113.37
307     m20  94.17
308     m20  94.42
309     m20  94.06
310     m20  94.68
311     m20  94.59
312     m20  95.12
313     m20  94.30
314     m20 117.35
315     m20  92.56
316     m20  97.08
317     m20 104.14
318     m20  94.24
319     m20  89.66
320     m20  93.76
321     m20  90.12
322     m20 100.46
323     m20  92.81
324     m20  89.66
325     m20  89.91
326     m20  89.70
327     m20  88.84
328     m20  98.51
329     m20  95.75
330     m20 100.87
331     m20  94.86
332     m20  97.22
333     m20  95.09
334     m20  97.60
335     m20  94.16
336     m20  92.57
337     m20  92.34
338     m20  94.09
339     m20 100.34
340     m20 100.33
341     m20  95.73
342     m20  94.11
343     m20  95.69
344     m20  94.30
345     m20  94.14
346     m20  96.07
347     m20  88.74
348     m20  89.40
349     m20  89.19
350     m20  91.05
351     m20  91.03
352     m20  94.75
> res.odcinki <- lm(czas ~ odcinek, data=dane.odcinki)
> res.odcinki

Call:
lm(formula = czas ~ odcinek, data = dane.odcinki)

Coefficients:
(Intercept)   odcinekm10   odcinekm15   odcinekm20  
     92.959        3.739        5.395        5.194  

> anova(res.odcinki)
Analysis of Variance Table

Response: czas
           Df Sum Sq Mean Sq F value    Pr(>F)    
odcinek     3 1649.3  549.76  30.977 < 2.2e-16 ***
Residuals 348 6176.1   17.75                      
---
Signif. codes:  0 ‘***’ 0.001 ‘**’ 0.01 ‘*’ 0.05 ‘.’ 0.1 ‘ ’ 1
> summary(res.odcinki)

Call:
lm(formula = czas ~ odcinek, data = dane.odcinki)

Residuals:
    Min      1Q  Median      3Q     Max 
-9.4135 -2.7949 -0.2135  2.2582 19.1965 

Coefficients:
            Estimate Std. Error t value Pr(>|t|)    
(Intercept)  92.9591     0.4491 206.998  < 2e-16 ***
odcinekm10    3.7387     0.6351   5.887 9.27e-09 ***
odcinekm15    5.3949     0.6351   8.495 5.87e-16 ***
odcinekm20    5.1944     0.6351   8.179 5.42e-15 ***
---
Signif. codes:  0 ‘***’ 0.001 ‘**’ 0.01 ‘*’ 0.05 ‘.’ 0.1 ‘ ’ 1

Residual standard error: 4.213 on 348 degrees of freedom
Multiple R-squared:  0.2108,    Adjusted R-squared:  0.204 
F-statistic: 30.98 on 3 and 348 DF,  p-value: < 2.2e-16

> dane$tor <- as.factor(dane$tor)
> str(dane)
'data.frame':   88 obs. of  10 variables:
 $ kraj  : Factor w/ 23 levels "arg","aus","aut",..: 5 22 21 7 4 14 18 11 13 12 ...
 $ data  : Factor w/ 5 levels "825","827","829",..: 1 1 1 1 1 1 1 1 1 1 ...
 $ poziom: Factor w/ 4 levels "f","h","r","s": 2 2 2 2 2 2 2 2 2 2 ...
 $ tor   : Factor w/ 6 levels "1","2","3","4",..: 1 2 3 4 5 6 1 2 3 4 ...
 $ szcz  : Factor w/ 16 levels "fa","fb","fc",..: 5 5 5 5 5 5 6 6 6 6 ...
 $ m05   : num  96.4 93.3 93.6 90.1 95.4 ...
 $ m10   : num  99.8 98 100.9 96 98.9 ...
 $ m15   : num  100.2 98.4 105.8 98.2 98.1 ...
 $ m20   : num  102.5 97.1 109.1 97 94 ...
 $ razem : num  399 387 409 381 387 ...
> res.kp <- lm(razem ~ kraj + poziom, data=dane)
> res.kp

Call:
lm(formula = razem ~ kraj + poziom, data = dane)

Coefficients:
(Intercept)      krajaus      krajaut      krajbul      krajcan      krajchn      krajcro  
   386.0118     -18.8775       2.0675     -14.2275      -5.8325      -8.4375     -23.8011  
    krajden      krajesp      krajest      krajgbr      krajger      krajhun      krajisr  
    -9.1400      -3.1375      -6.5750     -16.2575     -20.2811      -0.7650      -7.7900  
    krajita      krajlat      krajltu      krajned      krajnor      krajnzl      krajrus  
   -21.6644      14.1925     -20.6625      -8.6975     -12.8650     -18.5278       3.2300  
    krajsrb      krajusa      poziomh      poziomr      pozioms  
   -12.2525      -1.8700      15.5674      22.9049      -0.6696  

> anova(res.kp)
Analysis of Variance Table

Response: razem
          Df Sum Sq Mean Sq F value    Pr(>F)    
kraj      22 8928.5  405.84   20.05 < 2.2e-16 ***
poziom     3 8468.4 2822.79  139.45 < 2.2e-16 ***
Residuals 62 1255.0   20.24                      
---
Signif. codes:  0 ‘***’ 0.001 ‘**’ 0.01 ‘*’ 0.05 ‘.’ 0.1 ‘ ’ 1
> 
> summary(res.kp)

Call:
lm(formula = razem ~ kraj + poziom, data = dane)

Residuals:
    Min      1Q  Median      3Q     Max 
-9.8692 -2.0941 -0.2095  1.6401 15.0102 

Coefficients:
            Estimate Std. Error t value Pr(>|t|)    
(Intercept) 386.0118     2.3950 161.175  < 2e-16 ***
krajaus     -18.8775     3.1813  -5.934 1.44e-07 ***
krajaut       2.0675     3.1813   0.650 0.518167    
krajbul     -14.2275     3.1813  -4.472 3.37e-05 ***
krajcan      -5.8325     3.1813  -1.833 0.071551 .  
krajchn      -8.4375     3.1813  -2.652 0.010141 *  
krajcro     -23.8011     3.4491  -6.901 3.19e-09 ***
krajden      -9.1400     3.1813  -2.873 0.005560 ** 
krajesp      -3.1375     3.1813  -0.986 0.327857    
krajest      -6.5750     3.1813  -2.067 0.042941 *  
krajgbr     -16.2575     3.1813  -5.110 3.32e-06 ***
krajger     -20.2811     3.4491  -5.880 1.77e-07 ***
krajhun      -0.7650     3.1813  -0.240 0.810763    
krajisr      -7.7900     3.1813  -2.449 0.017181 *  
krajita     -21.6644     3.4491  -6.281 3.71e-08 ***
krajlat      14.1925     3.1813   4.461 3.50e-05 ***
krajltu     -20.6625     3.1813  -6.495 1.60e-08 ***
krajned      -8.6975     3.1813  -2.734 0.008147 ** 
krajnor     -12.8650     3.1813  -4.044 0.000148 ***
krajnzl     -18.5278     3.4491  -5.372 1.24e-06 ***
krajrus       3.2300     3.1813   1.015 0.313909    
krajsrb     -12.2525     3.1813  -3.851 0.000281 ***
krajusa      -1.8700     3.1813  -0.588 0.558798    
poziomh      15.5674     1.3267  11.734  < 2e-16 ***
poziomr      22.9049     1.4168  16.167  < 2e-16 ***
pozioms      -0.6696     1.3267  -0.505 0.615571    
---
Signif. codes:  0 ‘***’ 0.001 ‘**’ 0.01 ‘*’ 0.05 ‘.’ 0.1 ‘ ’ 1

Residual standard error: 4.499 on 62 degrees of freedom
Multiple R-squared:  0.9327,    Adjusted R-squared:  0.9056 
F-statistic: 34.38 on 25 and 62 DF,  p-value: < 2.2e-16

> res.pt <- lm(razem ~ poziom + tor, data=dane)
> res.pt

Call:
lm(formula = razem ~ poziom + tor, data = dane)

Coefficients:
(Intercept)      poziomh      poziomr      pozioms         tor2         tor3         tor4  
   377.0158      15.5674      25.9663      -0.6696      -2.5794      -1.2300      -1.6200  
       tor5         tor6  
     2.1921       2.5616  

> anova(res.pt)
Analysis of Variance Table

Response: razem
          Df  Sum Sq Mean Sq F value    Pr(>F)    
poziom     3 10102.2  3367.4  32.200 1.064e-13 ***
tor        5   288.1    57.6   0.551    0.7371    
Residuals 79  8261.6   104.6                      
---
Signif. codes:  0 ‘***’ 0.001 ‘**’ 0.01 ‘*’ 0.05 ‘.’ 0.1 ‘ ’ 1
> summary(res.pt)

Call:
lm(formula = razem ~ poziom + tor, data = dane)

Residuals:
     Min       1Q   Median       3Q      Max 
-14.8758  -7.2936  -0.9379   5.5079  27.3037 

Coefficients:
            Estimate Std. Error t value Pr(>|t|)    
(Intercept) 377.0158     3.1656 119.097  < 2e-16 ***
poziomh      15.5674     3.0156   5.162 1.78e-06 ***
poziomr      25.9663     3.2084   8.093 5.74e-12 ***
pozioms      -0.6696     3.0156  -0.222    0.825    
tor2         -2.5794     3.6155  -0.713    0.478    
tor3         -1.2300     3.6155  -0.340    0.735    
tor4         -1.6200     3.6155  -0.448    0.655    
tor5          2.1921     3.6778   0.596    0.553    
tor6          2.5616     4.3139   0.594    0.554    
---
Signif. codes:  0 ‘***’ 0.001 ‘**’ 0.01 ‘*’ 0.05 ‘.’ 0.1 ‘ ’ 1

Residual standard error: 10.23 on 79 degrees of freedom
Multiple R-squared:  0.5571,    Adjusted R-squared:  0.5122 
F-statistic: 12.42 on 8 and 79 DF,  p-value: 2.343e-11

> dane3 <- read.csv("w1x.csv", row.names=1, sep=",", dec=".", encoding="UTF-8")
> dane3
      kraj       data poziom tor szcz    m05    m10    m15    m20  razem
pur-h  pur 30 VIII 15      h   1   h1 119.51 127.88 129.41 125.83 502.63
nzl-h  nzl 30 VIII 15      h   2   h1 111.53 116.13 117.34 113.89 458.89
srb-h  srb 30 VIII 15      h   3   h1 113.04 120.26 128.88 130.73 492.91
aut-h  aut 30 VIII 15      h   4   h1 109.01 113.11 114.62 112.99 449.73
ger-h  ger 30 VIII 15      h   5   h1 108.66 111.17 115.00 116.74 451.57
lat-h  lat 30 VIII 15      h   6   h1 113.85 116.97 116.32 114.97 462.11
rus-h  rus 30 VIII 15      h   1   h2 113.90 115.16 115.05 116.56 460.67
ltu-h  ltu 30 VIII 15      h   2   h2 111.06 113.38 113.24 109.91 447.59
can-h  can 30 VIII 15      h   3   h2 111.11 112.76 112.56 111.18 447.61
ita-h  ita 30 VIII 15      h   4   h2 113.33 118.30 119.12 117.15 467.90
zim-h  zim 30 VIII 15      h   5   h2 108.98 113.64 115.63 115.27 453.52
kaz-h  kaz 30 VIII 15      h   6   h2 114.20 123.20 126.96 120.51 484.87
pol-h  pol 30 VIII 15      h   1   h3 111.52 114.99 116.63 115.22 458.36
swe-h  swe 30 VIII 15      h   2   h3 112.54 118.04 118.34 116.43 465.35
cze-h  cze 30 VIII 15      h   3   h3 109.04 111.05 111.28 115.11 446.48
irl-h  irl 30 VIII 15      h   4   h3 109.94 112.97 114.63 113.81 451.35
ned-h  ned 30 VIII 15      h   5   h3 109.86 114.58 115.95 112.31 452.70
vie-h  vie 30 VIII 15      h   6   h3 116.44 124.63 125.74 125.37 492.18
ken-h  ken 30 VIII 15      h   1   h4 125.99 137.77 139.18 132.64 535.58
tog-h  tog 30 VIII 15      h   2   h4 132.36 143.65 137.73 139.97 553.71
ngr-h  ngr 30 VIII 15      h   3   h4 116.27 121.25 128.60 124.96 491.08
den-h  den 30 VIII 15      h   4   h4 107.52 109.83 112.94 119.29 449.58
usa-h  usa 30 VIII 15      h   5   h4 109.44 111.40 116.00 117.70 454.54
kor-h  kor 30 VIII 15      h   1   h5 115.76 118.80 123.60 122.53 480.69
qat-h  qat 30 VIII 15      h   2   h5 115.24 122.28 125.41 123.08 486.01
sui-h  sui 30 VIII 15      h   3   h5 110.50 111.44 120.55 119.89 462.38
aus-h  aus 30 VIII 15      h   4   h5 106.65 109.27 113.81 117.20 446.93
bel-h  bel 30 VIII 15      h   5   h5 113.93 116.67 119.55 121.23 471.38
esp-h  esp 30 VIII 15      h   1   h6 112.89 118.95 123.25 123.41 478.50
ina-h  ina 30 VIII 15      h   2   h6 117.58 123.03 123.83 123.47 487.91
ukr-h  ukr 30 VIII 15      h   3   h6 109.75 113.26 118.99 122.88 464.88
blr-h  blr 30 VIII 15      h   4   h6 108.22 112.56 114.23 116.64 451.65
chn-h  chn 30 VIII 15      h   5   h6 108.88 110.97 113.29 113.99 447.13
ina-r  ina 31 VIII 15      r   1   r1 118.37 119.33 121.86 122.87 482.43
rus-r  rus 31 VIII 15      r   2   r1 116.34 116.05 115.13 113.14 460.66
kor-r  kor 31 VIII 15      r   3   r1 119.93 123.00 125.96 120.45 489.34
swe-r  swe 31 VIII 15      r   4   r1 113.59 116.29 114.79 110.45 455.12
pur-r  pur 31 VIII 15      r   5   r1 123.85 125.35 125.90 124.24 499.34
ita-r  ita 31 VIII 15      r   1   r2 115.49 118.72 119.40 117.33 470.94
ken-r  ken 31 VIII 15      r   2   r2 128.74 138.19 137.94 135.86 540.73
lat-r  lat 31 VIII 15      r   3   r2 114.00 121.30 116.96 114.90 467.16
qat-r  qat 31 VIII 15      r   4   r2 116.90 123.49 124.73 124.38 489.50
vie-r  vie 31 VIII 15      r   5   r2 116.61 123.59 127.68 127.55 495.43
srb-r  srb 31 VIII 15      r   1   r3 112.61 117.65 120.09 117.73 468.08
esp-r  esp 31 VIII 15      r   2   r3 114.08 119.18 119.11 116.87 469.24
pol-r  pol 31 VIII 15      r   3   r3 112.74 117.64 120.38 117.20 467.96
tog-r  tog 31 VIII 15      r   4   r3 130.87 144.76 135.61 141.87 553.11
kaz-r  kaz 31 VIII 15      r   5   r3 117.79 119.73 124.43 119.36 481.31
srb-q  srb    2 IX 15      q   1   q1 112.93 117.74 120.78 120.89 472.34
ngr-q  ngr    2 IX 15      q   2   q1 114.89 124.63 137.94 132.29 509.75
chn-q  chn    2 IX 15      q   3   q1 110.14 112.01 112.69 114.66 449.50
aut-q  aut    2 IX 15      q   4   q1 110.07 114.18 115.59 122.27 462.11
sui-q  sui    2 IX 15      q   5   q1 110.64 113.89 113.33 117.52 455.38
lat-q  lat    2 IX 15      q   6   q1 114.03 116.99 117.13 114.66 462.81
rus-q  rus    2 IX 15      q   1   q2 114.40 117.02 116.93 115.59 463.94
ned-q  ned    2 IX 15      q   2   q2 110.68 115.21 115.23 114.72 455.84
ltu-q  ltu    2 IX 15      q   3   q2 110.22 113.94 114.07 114.48 452.71
aus-q  aus    2 IX 15      q   4   q2 107.50 111.21 112.51 115.71 446.93
usa-q  usa    2 IX 15      q   5   q2 111.54 112.36 113.55 114.11 451.56
pol-q  pol    2 IX 15      q   6   q2 112.03 116.65 118.00 115.52 462.20
swe-q  swe    2 IX 15      q   1   q3 112.92 115.60 115.60 110.00 454.12
ukr-q  ukr    2 IX 15      q   2   q3 111.09 116.95 119.55 121.40 468.99
can-q  can    2 IX 15      q   3   q3 112.17 113.83 113.88 112.89 452.77
cze-q  cze    2 IX 15      q   4   q3 110.28 112.64 114.05 112.18 449.15
ger-q  ger    2 IX 15      q   5   q3 110.85 115.78 114.27 116.05 456.95
bel-q  bel    2 IX 15      q   6   q3 116.78 118.70 118.61 114.00 468.09
ita-q  ita    2 IX 15      q   1   q4 113.69 119.00 119.84 120.24 472.77
nzl-q  nzl    2 IX 15      q   2   q4 110.70 115.18 117.44 113.53 456.85
blr-q  blr    2 IX 15      q   3   q4 111.98 112.84 114.84 114.72 454.38
den-q  den    2 IX 15      q   4   q4 109.34 113.81 115.81 121.53 460.49
irl-q  irl    2 IX 15      q   5   q4 109.03 113.77 116.34 116.97 456.11
zim-q  zim    2 IX 15      q   6   q4 111.74 113.84 116.02 114.86 456.46
aut-s  aut    4 IX 15      s   1 sab1 108.62 114.56 115.59 112.38 451.15
irl-s  irl    4 IX 15      s   2 sab1 109.92 114.85 116.19 112.98 453.94
cze-s  cze    4 IX 15      s   3 sab1 109.09 112.29 112.72 112.38 446.48
chn-s  chn    4 IX 15      s   4 sab1 108.72 111.65 113.20 110.84 444.41
usa-s  usa    4 IX 15      s   5 sab1 109.64 112.37 113.61 111.77 447.39
zim-s  zim    4 IX 15      s   6 sab1 109.79 115.09 116.82 113.72 455.42
ltu-s  ltu    4 IX 15      s   1 sab2 109.62 112.58 113.15 114.35 449.70
can-s  can    4 IX 15      s   2 sab2 110.57 114.73 112.86 109.44 447.60
blr-s  blr    4 IX 15      s   3 sab2 108.81 113.99 114.32 112.32 449.44
aus-s  aus    4 IX 15      s   4 sab2 105.41 111.36 114.71 111.85 443.33
sui-s  sui    4 IX 15      s   5 sab2 109.38 112.95 112.78 110.85 445.96
swe-s  swe    4 IX 15      s   6 sab2 111.47 115.21 114.17 111.70 452.55
ita-s  ita    3 IX 15      s   1 scd1 112.60 115.54 115.62 114.96 458.72
pol-s  pol    3 IX 15      s   2 scd1 111.20 114.90 115.57 112.13 453.80
lat-s  lat    3 IX 15      s   3 scd1 113.99 117.10 117.68 114.71 463.48
ger-s  ger    3 IX 15      s   4 scd1 111.96 114.45 113.97 113.64 454.02
den-s  den    3 IX 15      s   5 scd1 110.14 113.88 115.36 117.83 457.21
ngr-s  ngr    3 IX 15      s   6 scd1 114.87 123.87 128.96 125.17 492.87
ukr-s  ukr    3 IX 15      s   1 scd2 110.32 114.56 116.46 114.34 455.68
srb-s  srb    3 IX 15      s   2 scd2 112.35 116.25 121.73 122.60 472.93
nzl-s  nzl    3 IX 15      s   3 scd2 110.78 115.58 115.66 112.91 454.93
ned-s  ned    3 IX 15      s   4 scd2 111.46 115.30 117.72 113.06 457.54
bel-s  bel    3 IX 15      s   5 scd2 116.32 117.96 116.91 116.30 467.49
rus-s  rus    3 IX 15      s   6 scd2 116.17 116.59 115.19 109.77 457.72
ken-s  ken    2 IX 15      s   1 sef1 126.26 138.47 139.45 137.42 541.60
qat-s  qat    2 IX 15      s   2 sef1 121.31 128.91 126.04 123.73 499.99
ina-s  ina    2 IX 15      s   3 sef1 118.14 121.11 122.35 120.95 482.55
kaz-s  kaz    2 IX 15      s   4 sef1 116.15 124.24 125.39 120.13 485.91
pur-s  pur    2 IX 15      s   1 sef2 123.01 129.58 128.49 121.67 502.75
kor-s  kor    2 IX 15      s   2 sef2 117.48 121.18 125.56 124.80 489.02
esp-s  esp    2 IX 15      s   3 sef2 116.58 119.85 123.58 124.83 484.84
vie-s  vie    2 IX 15      s   4 sef2 115.58 124.89 127.71 125.07 493.25
tog-s  tog    2 IX 15      s   5 sef2 136.95 143.10 142.44 133.14 555.63
can-f  can    6 IX 15      f   1   fa 111.84 119.02 119.59 117.72 468.17
cze-f  cze    6 IX 15      f   2   fa 109.72 118.12 117.28 116.76 461.88
chn-f  chn    6 IX 15      f   3   fa 109.23 117.15 117.84 118.99 463.21
aus-f  aus    6 IX 15      f   4   fa 108.85 115.97 115.30 118.00 458.12
sui-f  sui    6 IX 15      f   5   fa 110.53 117.46 118.72 121.18 467.89
usa-f  usa    6 IX 15      f   6   fa 111.06 117.05 117.84 118.99 464.94
swe-f  swe    6 IX 15      f   1   fb 111.96 115.63 113.02 105.99 446.60
irl-f  irl    6 IX 15      f   2   fb 106.86 112.81 115.07 113.44 448.18
blr-f  blr    6 IX 15      f   3   fb 109.95 112.73 114.04 111.14 447.86
aut-f  aut    6 IX 15      f   4   fb 109.59 113.37 115.29 109.27 447.52
ltu-f  ltu    6 IX 15      f   5   fb 110.72 111.74 113.41 111.43 447.30
zim-f  zim    6 IX 15      f   6   fb 110.17 114.84 116.38 110.35 451.74
den-f  den    5 IX 16      f   1   fc 109.67 113.10 114.76 116.01 453.54
ukr-f  ukr    5 IX 16      f   2   fc 110.62 114.69 116.70 118.68 460.69
nzl-f  nzl    5 IX 16      f   3   fc 110.41 114.79 117.05 115.57 457.82
pol-f  pol    5 IX 16      f   4   fc 112.54 117.13 117.40 114.43 461.50
ger-f  ger    5 IX 16      f   5   fc 109.50 115.36 114.49 113.17 452.52
ned-f  ned    5 IX 16      f   6   fc 110.38 115.39 115.31 112.69 453.77
ngr-f  ngr    5 IX 16      f   1   fd 120.96 124.57 131.04 124.92 501.49
bel-f  bel    5 IX 16      f   2   fd 118.93 118.38 120.17 115.60 473.08
rus-f  rus    5 IX 16      f   3   fd 115.84 115.04 115.38 113.56 459.82
ita-f  ita    5 IX 16      f   4   fd 115.30 117.78 119.10 115.93 468.11
lat-f  lat    5 IX 16      f   5   fd 113.42 116.58 117.98 114.92 462.90
srb-f  srb    5 IX 16      f   6   fd 117.78 116.93 123.63 123.55 481.89
qat-f  qat    4 IX 15      f   1   fe 121.27 129.22 132.53 130.63 513.65
kaz-f  kaz    4 IX 15      f   2   fe 121.02 122.12 125.57 122.68 491.39
ina-f  ina    4 IX 15      f   3   fe 120.99 123.45 126.79 127.22 498.45
esp-f  esp    4 IX 15      f   4   fe     NA     NA     NA     NA   0.00
kor-f  kor    4 IX 15      f   5   fe 121.34 124.64 129.13 129.42 504.53
vie-f  vie    4 IX 15      f   6   fe 121.58 127.26 130.80 129.44 509.08
tog-f  tog    4 IX 15      f   1   ff 131.11 141.24 143.69 138.18 554.22
ken-f  ken    4 IX 15      f   2   ff 123.83 132.30 139.31 142.27 537.71
pur-f  pur    4 IX 15      f   3   ff 121.45 124.55 125.70 124.29 495.99
> str(dane3)
'data.frame':   138 obs. of  10 variables:
 $ kraj  : Factor w/ 33 levels "aus","aut","bel",..: 23 21 26 2 10 17 25 18 5 13 ...
 $ data  : Factor w/ 7 levels "2 IX 15","3 IX 15",..: 3 3 3 3 3 3 3 3 3 3 ...
 $ poziom: Factor w/ 5 levels "f","h","q","r",..: 2 2 2 2 2 2 2 2 2 2 ...
 $ tor   : int  1 2 3 4 5 6 1 2 3 4 ...
 $ szcz  : Factor w/ 25 levels "fa","fb","fc",..: 7 7 7 7 7 7 8 8 8 8 ...
 $ m05   : num  120 112 113 109 109 ...
 $ m10   : num  128 116 120 113 111 ...
 $ m15   : num  129 117 129 115 115 ...
 $ m20   : num  126 114 131 113 117 ...
 $ razem : num  503 459 493 450 452 ...
> dane3$tor <- as.factor(dane3$tor)
> str(dane3)
'data.frame':   138 obs. of  10 variables:
 $ kraj  : Factor w/ 33 levels "aus","aut","bel",..: 23 21 26 2 10 17 25 18 5 13 ...
 $ data  : Factor w/ 7 levels "2 IX 15","3 IX 15",..: 3 3 3 3 3 3 3 3 3 3 ...
 $ poziom: Factor w/ 5 levels "f","h","q","r",..: 2 2 2 2 2 2 2 2 2 2 ...
 $ tor   : Factor w/ 6 levels "1","2","3","4",..: 1 2 3 4 5 6 1 2 3 4 ...
 $ szcz  : Factor w/ 25 levels "fa","fb","fc",..: 7 7 7 7 7 7 8 8 8 8 ...
 $ m05   : num  120 112 113 109 109 ...
 $ m10   : num  128 116 120 113 111 ...
 $ m15   : num  129 117 129 115 115 ...
 $ m20   : num  126 114 131 113 117 ...
 $ razem : num  503 459 493 450 452 ...
> res.w1x <- lm(razem ~ kraj, data=dane3)
> res.w1x

Call:
lm(formula = razem ~ kraj, data = dane3)

Coefficients:
(Intercept)      krajaut      krajbel      krajblr      krajcan      krajchn      krajcze  
   448.8275       3.8000      21.1825       2.0050       5.2100       2.2350       2.1700  
    krajden      krajesp      krajger      krajina      krajirl      krajita      krajkaz  
     6.3775     -90.6825       4.9375      39.0075       3.5675      18.8605      37.0425  
    krajken      krajkor      krajlat      krajltu      krajned      krajngr      krajnzl  
    90.0775      42.0675      14.8645       0.4975       6.1350      49.9700       8.2950  
    krajpol      krajpur      krajqat      krajrus      krajsrb      krajsui      krajswe  
    11.9365      51.3500      48.4600      11.7345      28.8025       9.0750       5.9205  
    krajtog      krajukr      krajusa      krajvie      krajzim  
   105.3400      13.7325       5.7800      48.6575       5.4575  

> anova(res.w1x)
Analysis of Variance Table

Response: razem
           Df Sum Sq Mean Sq F value    Pr(>F)    
kraj       32 133455  4170.5   2.501 0.0002535 ***
Residuals 105 175090  1667.5                      
---
Signif. codes:  0 ‘***’ 0.001 ‘**’ 0.01 ‘*’ 0.05 ‘.’ 0.1 ‘ ’ 1
> summary(res.w1x)

Call:
lm(formula = razem ~ kraj, data = dane3)

Residuals:
    Min      1Q  Median      3Q     Max 
-358.15   -2.88   -0.78    2.66  126.70 

Coefficients:
            Estimate Std. Error t value Pr(>|t|)    
(Intercept) 448.8275    20.4176  21.982  < 2e-16 ***
krajaut       3.8000    28.8749   0.132 0.895551    
krajbel      21.1825    28.8749   0.734 0.464830    
krajblr       2.0050    28.8749   0.069 0.944773    
krajcan       5.2100    28.8749   0.180 0.857160    
krajchn       2.2350    28.8749   0.077 0.938450    
krajcze       2.1700    28.8749   0.075 0.940237    
krajden       6.3775    28.8749   0.221 0.825625    
krajesp     -90.6825    28.8749  -3.141 0.002191 ** 
krajger       4.9375    28.8749   0.171 0.864556    
krajina      39.0075    28.8749   1.351 0.179627    
krajirl       3.5675    28.8749   0.124 0.901908    
krajita      18.8605    27.3931   0.689 0.492649    
krajkaz      37.0425    28.8749   1.283 0.202365    
krajken      90.0775    28.8749   3.120 0.002338 ** 
krajkor      42.0675    28.8749   1.457 0.148131    
krajlat      14.8645    27.3931   0.543 0.588530    
krajltu       0.4975    28.8749   0.017 0.986286    
krajned       6.1350    28.8749   0.212 0.832154    
krajngr      49.9700    28.8749   1.731 0.086467 .  
krajnzl       8.2950    28.8749   0.287 0.774469    
krajpol      11.9365    27.3931   0.436 0.663914    
krajpur      51.3500    28.8749   1.778 0.078239 .  
krajqat      48.4600    28.8749   1.678 0.096268 .  
krajrus      11.7345    27.3931   0.428 0.669257    
krajsrb      28.8025    27.3931   1.051 0.295466    
krajsui       9.0750    28.8749   0.314 0.753927    
krajswe       5.9205    27.3931   0.216 0.829305    
krajtog     105.3400    28.8749   3.648 0.000413 ***
krajukr      13.7325    28.8749   0.476 0.635357    
krajusa       5.7800    28.8749   0.200 0.841732    
krajvie      48.6575    28.8749   1.685 0.094937 .  
krajzim       5.4575    28.8749   0.189 0.850454    
---
Signif. codes:  0 ‘***’ 0.001 ‘**’ 0.01 ‘*’ 0.05 ‘.’ 0.1 ‘ ’ 1

Residual standard error: 40.84 on 105 degrees of freedom
Multiple R-squared:  0.4325,    Adjusted R-squared:  0.2596 
F-statistic: 2.501 on 32 and 105 DF,  p-value: 0.0002535

> 
